Using pre-set license
Built from '6000.0/staging' branch; Version is '6000.0.34f1 (5ab2d9ed9190) revision 5944025'; Using compiler version '193933523'; Build Type 'Release'
OS: 'Windows 11  (10.0.26100) 64bit Professional' Language: 'ru' Physical Memory: 16088 MB
BatchMode: 1, IsHumanControllingUs: 0, StartBugReporterOnCrash: 0, Is64bit: 1, IsPro: 1

COMMAND LINE ARGUMENTS:
D:\UnityHub\6000.0.34f1\Editor\Unity.exe
-adb2
-batchMode
-noUpm
-name
AssetImportWorker13
-projectPath
D:/UnityProjects/Artilery
-logFile
Logs/AssetImportWorker13.log
-srvPort
50326
-job-worker-count
7
-background-job-worker-count
8
-gc-helper-count
1
Successfully changed project path to: D:/UnityProjects/Artilery
D:/UnityProjects/Artilery
[UnityMemory] Configuration Parameters - Can be set up in boot.config
    "memorysetup-bucket-allocator-granularity=16"
    "memorysetup-bucket-allocator-bucket-count=8"
    "memorysetup-bucket-allocator-block-size=33554432"
    "memorysetup-bucket-allocator-block-count=8"
    "memorysetup-main-allocator-block-size=16777216"
    "memorysetup-thread-allocator-block-size=16777216"
    "memorysetup-gfx-main-allocator-block-size=16777216"
    "memorysetup-gfx-thread-allocator-block-size=16777216"
    "memorysetup-cache-allocator-block-size=4194304"
    "memorysetup-typetree-allocator-block-size=2097152"
    "memorysetup-profiler-bucket-allocator-granularity=16"
    "memorysetup-profiler-bucket-allocator-bucket-count=8"
    "memorysetup-profiler-bucket-allocator-block-size=33554432"
    "memorysetup-profiler-bucket-allocator-block-count=8"
    "memorysetup-profiler-allocator-block-size=16777216"
    "memorysetup-profiler-editor-allocator-block-size=1048576"
    "memorysetup-temp-allocator-size-main=16777216"
    "memorysetup-job-temp-allocator-block-size=2097152"
    "memorysetup-job-temp-allocator-block-size-background=1048576"
    "memorysetup-job-temp-allocator-reduction-small-platforms=262144"
    "memorysetup-allocator-temp-initial-block-size-main=262144"
    "memorysetup-allocator-temp-initial-block-size-worker=262144"
    "memorysetup-temp-allocator-size-background-worker=32768"
    "memorysetup-temp-allocator-size-job-worker=262144"
    "memorysetup-temp-allocator-size-preload-manager=33554432"
    "memorysetup-temp-allocator-size-nav-mesh-worker=65536"
    "memorysetup-temp-allocator-size-audio-worker=65536"
    "memorysetup-temp-allocator-size-cloud-worker=32768"
    "memorysetup-temp-allocator-size-gi-baking-worker=262144"
    "memorysetup-temp-allocator-size-gi-baking-worker=262144"
    "memorysetup-temp-allocator-size-gi-baking-worker=262144"
    "memorysetup-temp-allocator-size-gi-baking-worker=262144"
    "memorysetup-temp-allocator-size-gi-baking-worker=262144"
    "memorysetup-temp-allocator-size-gfx=262144"
Player connection [1972]  Target information:

Player connection [1972]  * "[IP] 192.168.31.9 [Port] 0 [Flags] 2 [Guid] 2246118077 [EditorId] 2246118077 [Version] 1048832 [Id] WindowsEditor(7,Moisha) [Debug] 1 [PackageName] WindowsEditor [ProjectName] Editor" 

Player connection [1972]  * "[IP] 26.46.161.23 [Port] 0 [Flags] 2 [Guid] 2246118077 [EditorId] 2246118077 [Version] 1048832 [Id] WindowsEditor(7,Moisha) [Debug] 1 [PackageName] WindowsEditor [ProjectName] Editor" 

Player connection [1972]  * "[IP] 192.168.31.104 [Port] 0 [Flags] 2 [Guid] 2246118077 [EditorId] 2246118077 [Version] 1048832 [Id] WindowsEditor(7,Moisha) [Debug] 1 [PackageName] WindowsEditor [ProjectName] Editor" 

Player connection [1972] Host joined multi-casting on [225.0.0.222:54997]...
Player connection [1972] Host joined alternative multi-casting on [225.0.0.222:34997]...
JobSystem: Creating JobQueue using job-worker-count value 7
Input System module state changed to: Initialized.
[Physics::Module] Initialized fallback backend.
[Physics::Module] Id: 0xdecafbad
Library Redirect Path: Library/
[Physics::Module] Selected backend.
[Physics::Module] Name: PhysX
[Physics::Module] Id: 0xf2b8ea05
[Physics::Module] SDK Version: 4.1.2
[Physics::Module] Integration Version: 1.0.0
[Physics::Module] Threading Mode: Multi-Threaded
Refreshing native plugins compatible for Editor in 2.04 ms, found 3 plugins.
Preloading 0 native plugins for Editor in 0.00 ms.
Initialize engine version: 6000.0.34f1 (5ab2d9ed9190)
[Subsystems] Discovering subsystems at path D:/UnityHub/6000.0.34f1/Editor/Data/Resources/UnitySubsystems
[Subsystems] Discovering subsystems at path D:/UnityProjects/Artilery/Assets
GfxDevice: creating device client; kGfxThreadingModeNonThreaded
Direct3D:
    Version:  Direct3D 11.0 [level 11.1]
    Renderer: NVIDIA GeForce RTX 3050 Ti Laptop GPU (ID=0x25a0)
    Vendor:   NVIDIA
    VRAM:     3965 MB
    Driver:   32.0.15.7602
Shader 'WFX/Transparent Diffuse': fallback shader 'Particles/Alpha Blended' not found
Shader 'WFX/Transparent Specular': fallback shader 'Particles/Alpha Blended' not found
Initialize mono
Mono path[0] = 'D:/UnityHub/6000.0.34f1/Editor/Data/Managed'
Mono path[1] = 'D:/UnityHub/6000.0.34f1/Editor/Data/MonoBleedingEdge/lib/mono/unityjit-win32'
Mono config path = 'D:/UnityHub/6000.0.34f1/Editor/Data/MonoBleedingEdge/etc'
Using monoOptions --debugger-agent=transport=dt_socket,embedding=1,server=y,suspend=n,address=127.0.0.1:56164
Begin MonoManager ReloadAssembly
Registering precompiled unity dll's ...
Register platform support module: D:/UnityHub/6000.0.34f1/Editor/Data/PlaybackEngines/WindowsStandaloneSupport/UnityEditor.WindowsStandalone.Extensions.dll
Register platform support module: D:/UnityHub/6000.0.34f1/Editor/Data/PlaybackEngines/AndroidPlayer/UnityEditor.Android.Extensions.dll
Registered in 0.002350 seconds.
- Loaded All Assemblies, in  0.381 seconds
Native extension for Android target not found
Android Extension - Scanning For ADB Devices 253 ms
Native extension for WindowsStandalone target not found
Mono: successfully reloaded assembly
- Finished resetting the current domain, in  0.620 seconds
Domain Reload Profiling: 1002ms
	BeginReloadAssembly (128ms)
		ExecutionOrderSort (0ms)
		DisableScriptedObjects (0ms)
		BackupInstance (0ms)
		ReleaseScriptingObjects (0ms)
		CreateAndSetChildDomain (1ms)
	RebuildCommonClasses (38ms)
	RebuildNativeTypeToScriptingClass (12ms)
	initialDomainReloadingComplete (43ms)
	LoadAllAssembliesAndSetupDomain (160ms)
		LoadAssemblies (127ms)
		RebuildTransferFunctionScriptingTraits (0ms)
		AnalyzeDomain (157ms)
			TypeCache.Refresh (155ms)
				TypeCache.ScanAssembly (141ms)
			BuildScriptInfoCaches (0ms)
			ResolveRequiredComponents (1ms)
	FinalizeReload (621ms)
		ReleaseScriptCaches (0ms)
		RebuildScriptCaches (0ms)
		SetupLoadedEditorAssemblies (573ms)
			LogAssemblyErrors (0ms)
			InitializePlatformSupportModulesInManaged (356ms)
			SetLoadedEditorAssemblies (4ms)
			BeforeProcessingInitializeOnLoad (47ms)
			ProcessInitializeOnLoadAttributes (109ms)
			ProcessInitializeOnLoadMethodAttributes (57ms)
			AfterProcessingInitializeOnLoad (0ms)
			EditorAssembliesLoaded (0ms)
		ExecutionOrderSort2 (0ms)
		AwakeInstancesAfterBackupRestoration (0ms)
========================================================================
Worker process is ready to serve import requests
Import Worker Mode flag is 0x00
Begin MonoManager ReloadAssembly
- Loaded All Assemblies, in  0.719 seconds
Refreshing native plugins compatible for Editor in 1.23 ms, found 3 plugins.
Native extension for Android target not found
Native extension for WindowsStandalone target not found
Mono: successfully reloaded assembly
Package Manager log level set to [2]
[Package Manager] Failed to launch server process. Reason: Unity was launched with the -noUpm command-line argument
[Package Manager] Unable to send message (not connected to server process).
[Package Manager] Cannot connect to Unity Package Manager local server
[Package Manager] Failed to launch server process. Reason: Unity was launched with the -noUpm command-line argument
[Package Manager] Unable to send message (not connected to server process).
[Package Manager] Cannot connect to Unity Package Manager local server
- Finished resetting the current domain, in  0.712 seconds
Domain Reload Profiling: 1431ms
	BeginReloadAssembly (154ms)
		ExecutionOrderSort (0ms)
		DisableScriptedObjects (5ms)
		BackupInstance (0ms)
		ReleaseScriptingObjects (0ms)
		CreateAndSetChildDomain (28ms)
	RebuildCommonClasses (35ms)
	RebuildNativeTypeToScriptingClass (11ms)
	initialDomainReloadingComplete (32ms)
	LoadAllAssembliesAndSetupDomain (486ms)
		LoadAssemblies (311ms)
		RebuildTransferFunctionScriptingTraits (0ms)
		AnalyzeDomain (266ms)
			TypeCache.Refresh (187ms)
				TypeCache.ScanAssembly (170ms)
			BuildScriptInfoCaches (65ms)
			ResolveRequiredComponents (9ms)
	FinalizeReload (713ms)
		ReleaseScriptCaches (0ms)
		RebuildScriptCaches (0ms)
		SetupLoadedEditorAssemblies (541ms)
			LogAssemblyErrors (0ms)
			InitializePlatformSupportModulesInManaged (11ms)
			SetLoadedEditorAssemblies (5ms)
			BeforeProcessingInitializeOnLoad (88ms)
			ProcessInitializeOnLoadAttributes (352ms)
			ProcessInitializeOnLoadMethodAttributes (84ms)
			AfterProcessingInitializeOnLoad (1ms)
			EditorAssembliesLoaded (0ms)
		ExecutionOrderSort2 (0ms)
		AwakeInstancesAfterBackupRestoration (8ms)
Shader 'WFX/Transparent Specular': fallback shader 'Particles/Alpha Blended' not found
Shader 'WFX/Transparent Diffuse': fallback shader 'Particles/Alpha Blended' not found
Launched and connected shader compiler UnityShaderCompiler.exe after 0.01 seconds
Refreshing native plugins compatible for Editor in 2.40 ms, found 3 plugins.
Preloading 0 native plugins for Editor in 0.00 ms.
Unloading 204 Unused Serialized files (Serialized files now loaded: 0)
Unloading 6332 unused Assets / (7.9 MB). Loaded Objects now: 7009.
Memory consumption went from 237.3 MB to 229.4 MB.
Total: 13.888000 ms (FindLiveObjects: 0.777100 ms CreateObjectMapping: 0.872700 ms MarkObjects: 6.617800 ms  DeleteObjects: 5.618400 ms)

========================================================================
Received Import Request.
  Time since last request: 14074.449686 seconds.
  path: Assets/Models/CartoonMilitaryModelPack/Prefebs/Bomber_Prefebs/Bomber_02_Prefeb.prefab
  artifactKey: Guid(7684791ef7b4a44109dba793067e2a89) Importer(815301076,1909f56bfc062723c751e8b465ee728b)
Start importing Assets/Models/CartoonMilitaryModelPack/Prefebs/Bomber_Prefebs/Bomber_02_Prefeb.prefab using Guid(7684791ef7b4a44109dba793067e2a89) Importer(815301076,1909f56bfc062723c751e8b465ee728b) (PreviewImporter) -> (artifact id: '0e29dd02bdb6a41642595f8d9a68ec0d') in 0.5643289 seconds
Number of updated asset objects reloaded before import = 0Number of asset objects unloaded after import = 15

========================================================================
Received Prepare
Begin MonoManager ReloadAssembly
- Loaded All Assemblies, in  0.747 seconds
Refreshing native plugins compatible for Editor in 1.31 ms, found 3 plugins.
Native extension for Android target not found
Native extension for WindowsStandalone target not found
Mono: successfully reloaded assembly
[Package Manager] Failed to launch server process. Reason: Unity was launched with the -noUpm command-line argument
[Package Manager] Unable to send message (not connected to server process).
[Package Manager] Cannot connect to Unity Package Manager local server
- Finished resetting the current domain, in  0.741 seconds
Domain Reload Profiling: 1490ms
	BeginReloadAssembly (218ms)
		ExecutionOrderSort (0ms)
		DisableScriptedObjects (20ms)
		BackupInstance (0ms)
		ReleaseScriptingObjects (0ms)
		CreateAndSetChildDomain (62ms)
	RebuildCommonClasses (36ms)
	RebuildNativeTypeToScriptingClass (12ms)
	initialDomainReloadingComplete (24ms)
	LoadAllAssembliesAndSetupDomain (458ms)
		LoadAssemblies (349ms)
		RebuildTransferFunctionScriptingTraits (0ms)
		AnalyzeDomain (207ms)
			TypeCache.Refresh (10ms)
				TypeCache.ScanAssembly (1ms)
			BuildScriptInfoCaches (180ms)
			ResolveRequiredComponents (12ms)
	FinalizeReload (741ms)
		ReleaseScriptCaches (0ms)
		RebuildScriptCaches (0ms)
		SetupLoadedEditorAssemblies (526ms)
			LogAssemblyErrors (0ms)
			InitializePlatformSupportModulesInManaged (10ms)
			SetLoadedEditorAssemblies (5ms)
			BeforeProcessingInitializeOnLoad (110ms)
			ProcessInitializeOnLoadAttributes (348ms)
			ProcessInitializeOnLoadMethodAttributes (52ms)
			AfterProcessingInitializeOnLoad (2ms)
			EditorAssembliesLoaded (0ms)
		ExecutionOrderSort2 (0ms)
		AwakeInstancesAfterBackupRestoration (13ms)
Shader 'WFX/Transparent Specular': fallback shader 'Particles/Alpha Blended' not found
Shader 'WFX/Transparent Diffuse': fallback shader 'Particles/Alpha Blended' not found
Refreshing native plugins compatible for Editor in 2.62 ms, found 3 plugins.
Preloading 0 native plugins for Editor in 0.00 ms.
Unloading 36 Unused Serialized files (Serialized files now loaded: 0)
Unloading 6331 unused Assets / (7.7 MB). Loaded Objects now: 7057.
Memory consumption went from 234.1 MB to 226.3 MB.
Total: 12.397400 ms (FindLiveObjects: 0.641100 ms CreateObjectMapping: 0.862200 ms MarkObjects: 5.818500 ms  DeleteObjects: 5.073500 ms)

Prepare: number of updated asset objects reloaded= 0
========================================================================
Received Import Request.
  Time since last request: 162.550235 seconds.
  path: Assets/Tree.prefab
  artifactKey: Guid(8b8affdfd47a958429c023c33c6fb55e) Importer(815301076,1909f56bfc062723c751e8b465ee728b)
Start importing Assets/Tree.prefab using Guid(8b8affdfd47a958429c023c33c6fb55e) Importer(815301076,1909f56bfc062723c751e8b465ee728b) (PreviewImporter) -> (artifact id: '535d84d15cf0b826887bf97fc2ecf135') in 0.7471412 seconds
Number of updated asset objects reloaded before import = 0Number of asset objects unloaded after import = 15

========================================================================
Received Import Request.
  Time since last request: 13.441975 seconds.
  path: Assets/Models/CartoonMilitaryModelPack/Prefebs/Jet_Prefebs/Jet_02_Prefeb.prefab
  artifactKey: Guid(35782e3dda7334376bf9b8e9c2574823) Importer(815301076,1909f56bfc062723c751e8b465ee728b)
Start importing Assets/Models/CartoonMilitaryModelPack/Prefebs/Jet_Prefebs/Jet_02_Prefeb.prefab using Guid(35782e3dda7334376bf9b8e9c2574823) Importer(815301076,1909f56bfc062723c751e8b465ee728b) (PreviewImporter) -> (artifact id: '09cd064e7a77ad63125ef5d5cb3e17a7') in 0.0894356 seconds
Number of updated asset objects reloaded before import = 0Number of asset objects unloaded after import = 15

========================================================================
Received Import Request.
  Time since last request: 0.000041 seconds.
  path: Assets/Models/CartoonMilitaryModelPack/Prefebs/Jet_Prefebs/Jet_05_Prefeb.prefab
  artifactKey: Guid(6f328979c172545c88cd558fbdf1b4c4) Importer(815301076,1909f56bfc062723c751e8b465ee728b)
Start importing Assets/Models/CartoonMilitaryModelPack/Prefebs/Jet_Prefebs/Jet_05_Prefeb.prefab using Guid(6f328979c172545c88cd558fbdf1b4c4) Importer(815301076,1909f56bfc062723c751e8b465ee728b) (PreviewImporter) -> (artifact id: '0b6191e87c0354bb915e3ddf591724d1') in 0.0722845 seconds
Number of updated asset objects reloaded before import = 0Number of asset objects unloaded after import = 15

========================================================================
Received Import Request.
  Time since last request: 0.000058 seconds.
  path: Assets/Models/CartoonMilitaryModelPack/Prefebs/Jet_Prefebs/Jet_04_Prefeb.prefab
  artifactKey: Guid(7fce74742116140c4a5efce6924ea695) Importer(815301076,1909f56bfc062723c751e8b465ee728b)
Start importing Assets/Models/CartoonMilitaryModelPack/Prefebs/Jet_Prefebs/Jet_04_Prefeb.prefab using Guid(7fce74742116140c4a5efce6924ea695) Importer(815301076,1909f56bfc062723c751e8b465ee728b) (PreviewImporter) -> (artifact id: '178978cdcc2395d7bc4c412cb7fd43cf') in 0.0717375 seconds
Number of updated asset objects reloaded before import = 0Number of asset objects unloaded after import = 15

========================================================================
Received Import Request.
  Time since last request: 103.115077 seconds.
  path: Assets/Models/3D Cartoon Village/Materials/Color_000.mat
  artifactKey: Guid(2029a5a2a27b8484bb3e2562d8bbdfa3) Importer(815301076,1909f56bfc062723c751e8b465ee728b)
Start importing Assets/Models/3D Cartoon Village/Materials/Color_000.mat using Guid(2029a5a2a27b8484bb3e2562d8bbdfa3) Importer(815301076,1909f56bfc062723c751e8b465ee728b) (PreviewImporter) -> (artifact id: '177792372e3bc74568892f9cfd764780') in 0.0268109 seconds
Number of updated asset objects reloaded before import = 0Number of asset objects unloaded after import = 1

========================================================================
Received Import Request.
  Time since last request: 0.000048 seconds.
  path: Assets/Models/3D Cartoon Village/Materials/Color_C16.mat
  artifactKey: Guid(bc315f3438ef2b145bb98805461e9d5e) Importer(815301076,1909f56bfc062723c751e8b465ee728b)
Start importing Assets/Models/3D Cartoon Village/Materials/Color_C16.mat using Guid(bc315f3438ef2b145bb98805461e9d5e) Importer(815301076,1909f56bfc062723c751e8b465ee728b) (PreviewImporter) -> (artifact id: '90518fd34b20e486e441c5f8084f6b27') in 0.0213617 seconds
Number of updated asset objects reloaded before import = 0Number of asset objects unloaded after import = 1

========================================================================
Received Import Request.
  Time since last request: 0.000033 seconds.
  path: Assets/Models/3D Cartoon Village/Materials/Color_D04.mat
  artifactKey: Guid(085a2928b1de0fe4fb313e719203cb90) Importer(815301076,1909f56bfc062723c751e8b465ee728b)
Start importing Assets/Models/3D Cartoon Village/Materials/Color_D04.mat using Guid(085a2928b1de0fe4fb313e719203cb90) Importer(815301076,1909f56bfc062723c751e8b465ee728b) (PreviewImporter) -> (artifact id: 'bbc868d96f88a5e2159dd0cb8e904191') in 0.0561465 seconds
Number of updated asset objects reloaded before import = 0Number of asset objects unloaded after import = 1

========================================================================
Received Import Request.
  Time since last request: 0.000024 seconds.
  path: Assets/Models/3D Cartoon Village/Materials/Color_005.mat
  artifactKey: Guid(1b558b44091907f46bdc891d8b18fa22) Importer(815301076,1909f56bfc062723c751e8b465ee728b)
Start importing Assets/Models/3D Cartoon Village/Materials/Color_005.mat using Guid(1b558b44091907f46bdc891d8b18fa22) Importer(815301076,1909f56bfc062723c751e8b465ee728b) (PreviewImporter) -> (artifact id: 'd16cd121d1437386bdeaeddd98446a44') in 0.0213895 seconds
Number of updated asset objects reloaded before import = 0Number of asset objects unloaded after import = 1

========================================================================
Received Import Request.
  Time since last request: 0.000039 seconds.
  path: Assets/Models/3D Cartoon Village/Materials/Color_A12.mat
  artifactKey: Guid(ab6c766af05803c4195c87839bb4d24f) Importer(815301076,1909f56bfc062723c751e8b465ee728b)
Start importing Assets/Models/3D Cartoon Village/Materials/Color_A12.mat using Guid(ab6c766af05803c4195c87839bb4d24f) Importer(815301076,1909f56bfc062723c751e8b465ee728b) (PreviewImporter) -> (artifact id: '02776887e967256bcae03a8ac6ea9057') in 0.019657 seconds
Number of updated asset objects reloaded before import = 0Number of asset objects unloaded after import = 1

========================================================================
Received Import Request.
  Time since last request: 0.000041 seconds.
  path: Assets/Models/3D Cartoon Village/Materials/Color_C12.mat
  artifactKey: Guid(2cea64b40f3a51441b57b84f34a9f545) Importer(815301076,1909f56bfc062723c751e8b465ee728b)
Start importing Assets/Models/3D Cartoon Village/Materials/Color_C12.mat using Guid(2cea64b40f3a51441b57b84f34a9f545) Importer(815301076,1909f56bfc062723c751e8b465ee728b) (PreviewImporter) -> (artifact id: 'd8fb1ed8252f4317dbbce719b2dc3a51') in 0.0195772 seconds
Number of updated asset objects reloaded before import = 0Number of asset objects unloaded after import = 1

========================================================================
Received Import Request.
  Time since last request: 0.000041 seconds.
  path: Assets/Models/3D Cartoon Village/Materials/Color_I10.mat
  artifactKey: Guid(9cde27f1d01bb58488780feec5432bd0) Importer(815301076,1909f56bfc062723c751e8b465ee728b)
Start importing Assets/Models/3D Cartoon Village/Materials/Color_I10.mat using Guid(9cde27f1d01bb58488780feec5432bd0) Importer(815301076,1909f56bfc062723c751e8b465ee728b) (PreviewImporter) -> (artifact id: '344f55659178c210412c7f0f341c04e7') in 0.0232084 seconds
Number of updated asset objects reloaded before import = 0Number of asset objects unloaded after import = 1

========================================================================
Received Import Request.
  Time since last request: 0.000027 seconds.
  path: Assets/Models/3D Cartoon Village/Materials/Color_C09.mat
  artifactKey: Guid(eba0c9fc900276c46a94a4e62e9aa5c9) Importer(815301076,1909f56bfc062723c751e8b465ee728b)
Start importing Assets/Models/3D Cartoon Village/Materials/Color_C09.mat using Guid(eba0c9fc900276c46a94a4e62e9aa5c9) Importer(815301076,1909f56bfc062723c751e8b465ee728b) (PreviewImporter) -> (artifact id: '05abacbb863add8d69e10bc550fb4718') in 0.019671 seconds
Number of updated asset objects reloaded before import = 0Number of asset objects unloaded after import = 1

========================================================================
Received Import Request.
  Time since last request: 0.000031 seconds.
  path: Assets/Models/3D Cartoon Village/Materials/Color_D18.mat
  artifactKey: Guid(987f4445588c1004881c8a5ed640cffd) Importer(815301076,1909f56bfc062723c751e8b465ee728b)
Start importing Assets/Models/3D Cartoon Village/Materials/Color_D18.mat using Guid(987f4445588c1004881c8a5ed640cffd) Importer(815301076,1909f56bfc062723c751e8b465ee728b) (PreviewImporter) -> (artifact id: 'bba1a1e3711d31f4805c956ade987cda') in 0.0228759 seconds
Number of updated asset objects reloaded before import = 0Number of asset objects unloaded after import = 1

========================================================================
Received Import Request.
  Time since last request: 0.000035 seconds.
  path: Assets/Models/3D Cartoon Village/Materials/Color_F15.mat
  artifactKey: Guid(a17d12550b4f0fb45ac869a8e5772450) Importer(815301076,1909f56bfc062723c751e8b465ee728b)
Start importing Assets/Models/3D Cartoon Village/Materials/Color_F15.mat using Guid(a17d12550b4f0fb45ac869a8e5772450) Importer(815301076,1909f56bfc062723c751e8b465ee728b) (PreviewImporter) -> (artifact id: '20160e286c383bd6dfa7e63764da72a2') in 0.0215757 seconds
Number of updated asset objects reloaded before import = 0Number of asset objects unloaded after import = 1

========================================================================
Received Import Request.
  Time since last request: 0.000029 seconds.
  path: Assets/Models/3D Cartoon Village/Materials/LightGray.mat
  artifactKey: Guid(39e898393456ee64c94b931509d0b6bd) Importer(815301076,1909f56bfc062723c751e8b465ee728b)
Start importing Assets/Models/3D Cartoon Village/Materials/LightGray.mat using Guid(39e898393456ee64c94b931509d0b6bd) Importer(815301076,1909f56bfc062723c751e8b465ee728b) (PreviewImporter) -> (artifact id: '66aebae54c110f4b6ce944d5ee4899e9') in 0.0221646 seconds
Number of updated asset objects reloaded before import = 0Number of asset objects unloaded after import = 1

========================================================================
Received Import Request.
  Time since last request: 0.000047 seconds.
  path: Assets/Models/3D Cartoon Village/Materials/Color_D13.mat
  artifactKey: Guid(e711be52282cf2843b1d3c2cae2e7f21) Importer(815301076,1909f56bfc062723c751e8b465ee728b)
Start importing Assets/Models/3D Cartoon Village/Materials/Color_D13.mat using Guid(e711be52282cf2843b1d3c2cae2e7f21) Importer(815301076,1909f56bfc062723c751e8b465ee728b) (PreviewImporter) -> (artifact id: '2c9067d06cfff9f28fa24d46b341c370') in 0.0228247 seconds
Number of updated asset objects reloaded before import = 0Number of asset objects unloaded after import = 1

========================================================================
Received Import Request.
  Time since last request: 0.000029 seconds.
  path: Assets/Models/3D Cartoon Village/Materials/Color_004.mat
  artifactKey: Guid(09c0c3f8df5925948ae159e03bf40def) Importer(815301076,1909f56bfc062723c751e8b465ee728b)
Start importing Assets/Models/3D Cartoon Village/Materials/Color_004.mat using Guid(09c0c3f8df5925948ae159e03bf40def) Importer(815301076,1909f56bfc062723c751e8b465ee728b) (PreviewImporter) -> (artifact id: 'a5048690a46940dac92b837537c4d7c3') in 0.0257344 seconds
Number of updated asset objects reloaded before import = 0Number of asset objects unloaded after import = 1

========================================================================
Received Import Request.
  Time since last request: 0.000075 seconds.
  path: Assets/Models/3D Cartoon Village/Materials/Color_D09.mat
  artifactKey: Guid(95f0f65b709bc534ea4b251a7744d17f) Importer(815301076,1909f56bfc062723c751e8b465ee728b)
Start importing Assets/Models/3D Cartoon Village/Materials/Color_D09.mat using Guid(95f0f65b709bc534ea4b251a7744d17f) Importer(815301076,1909f56bfc062723c751e8b465ee728b) (PreviewImporter) -> (artifact id: 'ae7bd8ff24513a3ad7435f0c44d6f2d9') in 0.0242763 seconds
Number of updated asset objects reloaded before import = 0Number of asset objects unloaded after import = 1

========================================================================
Received Import Request.
  Time since last request: 0.000052 seconds.
  path: Assets/Models/3D Cartoon Village/Materials/Color_008.mat
  artifactKey: Guid(55e70bce0d26efb4a916a3dfbcf376cf) Importer(815301076,1909f56bfc062723c751e8b465ee728b)
Start importing Assets/Models/3D Cartoon Village/Materials/Color_008.mat using Guid(55e70bce0d26efb4a916a3dfbcf376cf) Importer(815301076,1909f56bfc062723c751e8b465ee728b) (PreviewImporter) -> (artifact id: '5aa2142949e4bdfbd2d22f26bad6c479') in 0.0240457 seconds
Number of updated asset objects reloaded before import = 0Number of asset objects unloaded after import = 1

========================================================================
Received Import Request.
  Time since last request: 0.000040 seconds.
  path: Assets/Models/3D Cartoon Village/Materials/Color_007.mat
  artifactKey: Guid(4473d3aa8f385654795f98b674c20462) Importer(815301076,1909f56bfc062723c751e8b465ee728b)
Start importing Assets/Models/3D Cartoon Village/Materials/Color_007.mat using Guid(4473d3aa8f385654795f98b674c20462) Importer(815301076,1909f56bfc062723c751e8b465ee728b) (PreviewImporter) -> (artifact id: '3d3de0a95f38e9e0b824796b0b93c85d') in 0.0235839 seconds
Number of updated asset objects reloaded before import = 0Number of asset objects unloaded after import = 1

========================================================================
Received Import Request.
  Time since last request: 0.000046 seconds.
  path: Assets/Models/3D Cartoon Village/Materials/Color_C08.mat
  artifactKey: Guid(991fe0467bc27354f88af9913757671c) Importer(815301076,1909f56bfc062723c751e8b465ee728b)
Start importing Assets/Models/3D Cartoon Village/Materials/Color_C08.mat using Guid(991fe0467bc27354f88af9913757671c) Importer(815301076,1909f56bfc062723c751e8b465ee728b) (PreviewImporter) -> (artifact id: 'c083579aaac87cdc7b58f21f80f4612f') in 0.0236216 seconds
Number of updated asset objects reloaded before import = 0Number of asset objects unloaded after import = 1

========================================================================
Received Import Request.
  Time since last request: 0.000048 seconds.
  path: Assets/Models/3D Cartoon Village/Materials/Color_D05.mat
  artifactKey: Guid(32ca2d1a229157d41a2c1a935edbd433) Importer(815301076,1909f56bfc062723c751e8b465ee728b)
Start importing Assets/Models/3D Cartoon Village/Materials/Color_D05.mat using Guid(32ca2d1a229157d41a2c1a935edbd433) Importer(815301076,1909f56bfc062723c751e8b465ee728b) (PreviewImporter) -> (artifact id: '59e814f714c8831dc49bed2f77493ece') in 0.0209614 seconds
Number of updated asset objects reloaded before import = 0Number of asset objects unloaded after import = 1

========================================================================
Received Import Request.
  Time since last request: 0.000030 seconds.
  path: Assets/Models/3D Cartoon Village/Materials/Color_F17.mat
  artifactKey: Guid(2033bb4b4d15eb84f98ba0d72d31ccd1) Importer(815301076,1909f56bfc062723c751e8b465ee728b)
Start importing Assets/Models/3D Cartoon Village/Materials/Color_F17.mat using Guid(2033bb4b4d15eb84f98ba0d72d31ccd1) Importer(815301076,1909f56bfc062723c751e8b465ee728b) (PreviewImporter) -> (artifact id: '4f054f21dc727396ba1447cbb15405d6') in 0.0210068 seconds
Number of updated asset objects reloaded before import = 0Number of asset objects unloaded after import = 1

========================================================================
Received Import Request.
  Time since last request: 0.000032 seconds.
  path: Assets/Models/3D Cartoon Village/Materials/Color_A16.mat
  artifactKey: Guid(a82b2304950d9874681e1d962e925b1c) Importer(815301076,1909f56bfc062723c751e8b465ee728b)
Start importing Assets/Models/3D Cartoon Village/Materials/Color_A16.mat using Guid(a82b2304950d9874681e1d962e925b1c) Importer(815301076,1909f56bfc062723c751e8b465ee728b) (PreviewImporter) -> (artifact id: '3390ca4c7cb57be910be1c44bb24c103') in 0.0216382 seconds
Number of updated asset objects reloaded before import = 0Number of asset objects unloaded after import = 1

========================================================================
Received Import Request.
  Time since last request: 0.000029 seconds.
  path: Assets/Models/3D Cartoon Village/Materials/Color_C18.mat
  artifactKey: Guid(cf0ad78c86cc460428011455a47b6ef7) Importer(815301076,1909f56bfc062723c751e8b465ee728b)
Start importing Assets/Models/3D Cartoon Village/Materials/Color_C18.mat using Guid(cf0ad78c86cc460428011455a47b6ef7) Importer(815301076,1909f56bfc062723c751e8b465ee728b) (PreviewImporter) -> (artifact id: '90930a13fa0d2aed433a2a08f4e77820') in 0.021832 seconds
Number of updated asset objects reloaded before import = 0Number of asset objects unloaded after import = 1

========================================================================
Received Import Request.
  Time since last request: 0.000026 seconds.
  path: Assets/Models/3D Cartoon Village/Materials/Color_C07.mat
  artifactKey: Guid(dac2e7ceb5f06b64f81b90e5400b2bfd) Importer(815301076,1909f56bfc062723c751e8b465ee728b)
Start importing Assets/Models/3D Cartoon Village/Materials/Color_C07.mat using Guid(dac2e7ceb5f06b64f81b90e5400b2bfd) Importer(815301076,1909f56bfc062723c751e8b465ee728b) (PreviewImporter) -> (artifact id: 'e628fcf5106c55bfc32a4095775331d5') in 0.0243041 seconds
Number of updated asset objects reloaded before import = 0Number of asset objects unloaded after import = 1

Editor requested this worker to shutdown with reason: Scaling down because of idle timeout
AssetImportWorker is now disconnected from the server
Process exiting
Exiting without the bug reporter. Application will terminate with return code 0